c:\users\ariya\source\repos\vulkan_playground\vulkan_playground\x64\debug\myconsole.obj
c:\users\ariya\source\repos\vulkan_playground\vulkan_playground\x64\debug\windowexception.obj
c:\users\ariya\source\repos\vulkan_playground\vulkan_playground\x64\debug\windowclass.obj
c:\users\ariya\source\repos\vulkan_playground\vulkan_playground\x64\debug\windowstaticinitializer.obj
c:\users\ariya\source\repos\vulkan_playground\vulkan_playground\x64\debug\mykeyboard.obj
c:\users\ariya\source\repos\vulkan_playground\vulkan_playground\x64\debug\windowmanager.obj
c:\users\ariya\source\repos\vulkan_playground\vulkan_playground\x64\debug\mymouse.obj
c:\users\ariya\source\repos\vulkan_playground\vulkan_playground\x64\debug\windowcreator.obj
c:\users\ariya\source\repos\vulkan_playground\vulkan_playground\x64\debug\freeexcept.obj
c:\users\ariya\source\repos\vulkan_playground\vulkan_playground\x64\debug\window.obj
c:\users\ariya\source\repos\vulkan_playground\vulkan_playground\x64\debug\myexception.obj
c:\users\ariya\source\repos\vulkan_playground\vulkan_playground\x64\debug\windowprocedure.obj
c:\users\ariya\source\repos\vulkan_playground\vulkan_playground\x64\debug\main.obj
c:\users\ariya\source\repos\vulkan_playground\vulkan_playground\x64\debug\app.obj
c:\users\ariya\source\repos\vulkan_playground\vulkan_playground\x64\debug\vc143.pdb
c:\users\ariya\source\repos\vulkan_playground\vulkan_playground\x64\debug\vc143.idb
c:\users\ariya\source\repos\vulkan_playground\bin\debug\vulkan_playground.pdb
c:\users\ariya\source\repos\vulkan_playground\vulkan_playground\x64\debug\vulkan_p.4c65ea20.tlog\cl.10624.write.1.tlog
c:\users\ariya\source\repos\vulkan_playground\vulkan_playground\x64\debug\vulkan_p.4c65ea20.tlog\cl.command.1.tlog
c:\users\ariya\source\repos\vulkan_playground\vulkan_playground\x64\debug\vulkan_p.4c65ea20.tlog\cl.read.1.tlog
c:\users\ariya\source\repos\vulkan_playground\vulkan_playground\x64\debug\vulkan_p.4c65ea20.tlog\link-cvtres.read.1.tlog
c:\users\ariya\source\repos\vulkan_playground\vulkan_playground\x64\debug\vulkan_p.4c65ea20.tlog\link-cvtres.write.1.tlog
c:\users\ariya\source\repos\vulkan_playground\vulkan_playground\x64\debug\vulkan_p.4c65ea20.tlog\link-rc.read.1.tlog
c:\users\ariya\source\repos\vulkan_playground\vulkan_playground\x64\debug\vulkan_p.4c65ea20.tlog\link-rc.write.1.tlog
c:\users\ariya\source\repos\vulkan_playground\vulkan_playground\x64\debug\vulkan_p.4c65ea20.tlog\link.command.1.tlog
c:\users\ariya\source\repos\vulkan_playground\vulkan_playground\x64\debug\vulkan_p.4c65ea20.tlog\link.read.1.tlog
c:\users\ariya\source\repos\vulkan_playground\vulkan_playground\x64\debug\vulkan_p.4c65ea20.tlog\link.read.2.tlog
c:\users\ariya\source\repos\vulkan_playground\vulkan_playground\x64\debug\vulkan_p.4c65ea20.tlog\link.write.1.tlog
