c:\users\ariya\source\repos\vulkan_playground\build\intermediate\vulkan_playground\x64\debug\freeexcept.obj
c:\users\ariya\source\repos\vulkan_playground\build\intermediate\vulkan_playground\x64\debug\vulkansurface.obj
c:\users\ariya\source\repos\vulkan_playground\build\intermediate\vulkan_playground\x64\debug\vulkanapp.obj
c:\users\ariya\source\repos\vulkan_playground\build\intermediate\vulkan_playground\x64\debug\window.obj
c:\users\ariya\source\repos\vulkan_playground\build\intermediate\vulkan_playground\x64\debug\vkresultcheck.obj
c:\users\ariya\source\repos\vulkan_playground\build\intermediate\vulkan_playground\x64\debug\mykeyboard.obj
c:\users\ariya\source\repos\vulkan_playground\build\intermediate\vulkan_playground\x64\debug\windowprocedure.obj
c:\users\ariya\source\repos\vulkan_playground\build\intermediate\vulkan_playground\x64\debug\windowexception.obj
c:\users\ariya\source\repos\vulkan_playground\build\intermediate\vulkan_playground\x64\debug\vulkandevices.obj
c:\users\ariya\source\repos\vulkan_playground\build\intermediate\vulkan_playground\x64\debug\windowcreator.obj
c:\users\ariya\source\repos\vulkan_playground\build\intermediate\vulkan_playground\x64\debug\myexception.obj
c:\users\ariya\source\repos\vulkan_playground\build\intermediate\vulkan_playground\x64\debug\myconsole.obj
c:\users\ariya\source\repos\vulkan_playground\build\intermediate\vulkan_playground\x64\debug\main.obj
c:\users\ariya\source\repos\vulkan_playground\build\intermediate\vulkan_playground\x64\debug\windowclass.obj
c:\users\ariya\source\repos\vulkan_playground\build\intermediate\vulkan_playground\x64\debug\app.obj
c:\users\ariya\source\repos\vulkan_playground\build\intermediate\vulkan_playground\x64\debug\windowmanager.obj
c:\users\ariya\source\repos\vulkan_playground\build\intermediate\vulkan_playground\x64\debug\vulkaninstance.obj
c:\users\ariya\source\repos\vulkan_playground\build\intermediate\vulkan_playground\x64\debug\mymouse.obj
c:\users\ariya\source\repos\vulkan_playground\build\intermediate\vulkan_playground\x64\debug\windowstaticinitializer.obj
c:\users\ariya\source\repos\vulkan_playground\build\intermediate\vulkan_playground\x64\debug\vc143.pdb
c:\users\ariya\source\repos\vulkan_playground\build\intermediate\vulkan_playground\x64\debug\myswapchain.obj
c:\users\ariya\source\repos\vulkan_playground\build\intermediate\vulkan_playground\x64\debug\vc143.idb
c:\users\ariya\source\repos\vulkan_playground\build\bin\x64\debug\vulkan_playground.exe
c:\users\ariya\source\repos\vulkan_playground\build\bin\x64\debug\vulkan_playground.pdb
c:\users\ariya\source\repos\vulkan_playground\build\intermediate\vulkan_playground\x64\debug\vulkan_playground.ilk
c:\users\ariya\source\repos\vulkan_playground\build\intermediate\vulkan_playground\x64\debug\vulkan_playground.vcxproj.filelistabsolute.txt
c:\users\ariya\source\repos\vulkan_playground\build\intermediate\vulkan_playground\x64\debug\vulkan_p.4c65ea20.tlog\cl.command.1.tlog
c:\users\ariya\source\repos\vulkan_playground\build\intermediate\vulkan_playground\x64\debug\vulkan_p.4c65ea20.tlog\cl.items.tlog
c:\users\ariya\source\repos\vulkan_playground\build\intermediate\vulkan_playground\x64\debug\vulkan_p.4c65ea20.tlog\cl.read.1.tlog
c:\users\ariya\source\repos\vulkan_playground\build\intermediate\vulkan_playground\x64\debug\vulkan_p.4c65ea20.tlog\cl.write.1.tlog
c:\users\ariya\source\repos\vulkan_playground\build\intermediate\vulkan_playground\x64\debug\vulkan_p.4c65ea20.tlog\link.command.1.tlog
c:\users\ariya\source\repos\vulkan_playground\build\intermediate\vulkan_playground\x64\debug\vulkan_p.4c65ea20.tlog\link.read.1.tlog
c:\users\ariya\source\repos\vulkan_playground\build\intermediate\vulkan_playground\x64\debug\vulkan_p.4c65ea20.tlog\link.secondary.1.tlog
c:\users\ariya\source\repos\vulkan_playground\build\intermediate\vulkan_playground\x64\debug\vulkan_p.4c65ea20.tlog\link.write.1.tlog
