  main.cpp
  App.cpp
  FreeExcept.cpp
  MyException.cpp
  windowException.cpp
  MyConsole.cpp
  MyKeyboard.cpp
  MyMouse.cpp
  Window.cpp
  WindowClass.cpp
C:\Users\ariya\source\repos\Vulkan_Playground\Vulkan_Playground\src\MyWin\MyMouse.cpp(66,58): warning C4100: 'xState': unreferenced parameter
C:\Users\ariya\source\repos\Vulkan_Playground\Vulkan_Playground\src\MyWin\MyMouse.cpp(66,47): warning C4100: 'xYPos': unreferenced parameter
C:\Users\ariya\source\repos\Vulkan_Playground\Vulkan_Playground\src\MyWin\MyMouse.cpp(66,36): warning C4100: 'xXPos': unreferenced parameter
C:\Users\ariya\source\repos\Vulkan_Playground\Vulkan_Playground\src\MyWin\MyMouse.cpp(72,60): warning C4100: 'xState': unreferenced parameter
C:\Users\ariya\source\repos\Vulkan_Playground\Vulkan_Playground\src\MyWin\MyMouse.cpp(72,49): warning C4100: 'xYPos': unreferenced parameter
C:\Users\ariya\source\repos\Vulkan_Playground\Vulkan_Playground\src\MyWin\MyMouse.cpp(72,38): warning C4100: 'xXPos': unreferenced parameter
C:\Users\ariya\source\repos\Vulkan_Playground\Vulkan_Playground\src\MyWin\MyMouse.cpp(78,57): warning C4100: 'xState': unreferenced parameter
C:\Users\ariya\source\repos\Vulkan_Playground\Vulkan_Playground\src\MyWin\MyMouse.cpp(78,46): warning C4100: 'xYPos': unreferenced parameter
C:\Users\ariya\source\repos\Vulkan_Playground\Vulkan_Playground\src\MyWin\MyMouse.cpp(78,35): warning C4100: 'xXPos': unreferenced parameter
C:\Users\ariya\source\repos\Vulkan_Playground\Vulkan_Playground\src\MyWin\MyMouse.cpp(84,59): warning C4100: 'xState': unreferenced parameter
C:\Users\ariya\source\repos\Vulkan_Playground\Vulkan_Playground\src\MyWin\MyMouse.cpp(84,48): warning C4100: 'xYPos': unreferenced parameter
C:\Users\ariya\source\repos\Vulkan_Playground\Vulkan_Playground\src\MyWin\MyMouse.cpp(84,37): warning C4100: 'xXPos': unreferenced parameter
C:\Users\ariya\source\repos\Vulkan_Playground\Vulkan_Playground\src\MyWin\MyMouse.cpp(90,59): warning C4100: 'xState': unreferenced parameter
C:\Users\ariya\source\repos\Vulkan_Playground\Vulkan_Playground\src\MyWin\MyMouse.cpp(90,48): warning C4100: 'xYPos': unreferenced parameter
C:\Users\ariya\source\repos\Vulkan_Playground\Vulkan_Playground\src\MyWin\MyMouse.cpp(90,37): warning C4100: 'xXPos': unreferenced parameter
C:\Users\ariya\source\repos\Vulkan_Playground\Vulkan_Playground\src\MyWin\MyMouse.cpp(96,61): warning C4100: 'xState': unreferenced parameter
C:\Users\ariya\source\repos\Vulkan_Playground\Vulkan_Playground\src\MyWin\MyMouse.cpp(96,50): warning C4100: 'xYPos': unreferenced parameter
C:\Users\ariya\source\repos\Vulkan_Playground\Vulkan_Playground\src\MyWin\MyMouse.cpp(96,39): warning C4100: 'xXPos': unreferenced parameter
  WindowCreator.cpp
  WindowManager.cpp
  WindowProcedure.cpp
C:\Users\ariya\source\repos\Vulkan_Playground\Vulkan_Playground\src\main.cpp(6,86): warning C4100: 'nCmdShow': unreferenced parameter
C:\Users\ariya\source\repos\Vulkan_Playground\Vulkan_Playground\src\main.cpp(6,72): warning C4100: 'pCmdLine': unreferenced parameter
C:\Users\ariya\source\repos\Vulkan_Playground\Vulkan_Playground\src\main.cpp(6,51): warning C4100: 'hPrevInstance': unreferenced parameter
  WindowStaticInitializer.cpp
C:\Users\ariya\source\repos\Vulkan_Playground\Vulkan_Playground\src\MyWin\WindowProcedure.cpp(134,16): warning C4189: 'pos': local variable is initialized but not referenced
  Vulkan_Playground.vcxproj -> C:\Users\ariya\source\repos\Vulkan_Playground\build\bin\x64\Debug\Vulkan_Playground.exe
